This is TeX, Version 3.1415 (C version 6.1) (format=latex 95.9.14)  9 JUN 1996 13:59
**images.tex
(images.tex
LaTeX2e <1995/06/01> patch level 3
Hyphenation patterns for english, german, loaded.

(/usr/local/lib/texmf/tex/latex/base/latex209.def
File: latex209.def 1995/07/07 v0.47 Standard LaTeX file
Entering LaTeX 2.09 compatibility mode.
\footheight=\dimen102
\@maxsep=\dimen103
\@dblmaxsep=\dimen104
(/usr/local/lib/texmf/tex/latex/base/tracefnt.sty
Package: tracefnt 1995/06/15 v3.0b Standard LaTeX package (font tracing)
\tracingfonts=\count82
LaTeX Info: Redefining \selectfont on input line 133.
)
\symbold=\mathgroup4
\symsans=\mathgroup5
\symtypewriter=\mathgroup6
\symitalic=\mathgroup7
\symsmallcaps=\mathgroup8
\symslanted=\mathgroup9
LaTeX Font Info:    Redeclaring math alphabet \mathbf on input line 276.
LaTeX Font Info:    Redeclaring math alphabet \mathsf on input line 277.
LaTeX Font Info:    Redeclaring math alphabet \mathtt on input line 278.
LaTeX Font Info:    Redeclaring math alphabet \mathit on input line 284.
LaTeX Info: Redefining \em on input line 294.
(/usr/local/lib/texmf/tex/latex/base/latexsym.sty
Package: latexsym 1995/03/18 v2.2a Standard LaTeX package (lasy symbols)
\symlasy=\mathgroup10
LaTeX Font Info:    Overwriting symbol font `lasy' in version `bold'
(Font)                  U/lasy/m/n --> U/lasy/b/n on input line 81.
)
LaTeX Font Info:    Redeclaring math delimiter \lgroup on input line 359.
LaTeX Font Info:    Redeclaring math delimiter \rgroup on input line 361.
LaTeX Font Info:    Redeclaring math delimiter \bracevert on input line 363.
(/usr/local/lib/texmf/tex/latex/config/latex209.cfg (/usr/local/lib/texmf/tex/l
atex/tools/rawfonts.sty
Compatibility mode: package `' requested, but `rawfonts' provided.
Package: rawfonts 1994/05/08 Low-level LaTeX 2.09 font compatibility
(/usr/local/lib/texmf/tex/latex/tools/somedefs.sty
Package: somedefs 1994/06/01 Toolkit for optional definitions
)))) (/usr/local/lib/texmf/tex/latex/base/article.cls
Document Class: article 1995/06/26 v1.3g Standard LaTeX document class
(/usr/local/lib/texmf/tex/latex/base/size10.clo
File: size10.clo 1995/06/26 v1.3g Standard LaTeX file (size option)
)
\c@part=\count83
\c@section=\count84
\c@subsection=\count85
\c@subsubsection=\count86
\c@paragraph=\count87
\c@subparagraph=\count88
\c@figure=\count89
\c@table=\count90
\abovecaptionskip=\skip41
\belowcaptionskip=\skip42
Compatibility mode: definition of \rm ignored.
Compatibility mode: definition of \sf ignored.
Compatibility mode: definition of \tt ignored.
Compatibility mode: definition of \bf ignored.
Compatibility mode: definition of \it ignored.
Compatibility mode: definition of \sl ignored.
Compatibility mode: definition of \sc ignored.
LaTeX Info: Redefining \cal on input line 491.
LaTeX Info: Redefining \mit on input line 492.
\bibindent=\dimen105
)
\lthtmlwrite=\write3
\sizebox=\box26
No file images.aux.
LaTeX Font Info:    Checking defaults for OML/cmm/m/it on input line 10.
LaTeX Font Info:    ... okay on input line 10.
LaTeX Font Info:    Checking defaults for T1/cmr/m/n on input line 10.
LaTeX Font Info:    ... okay on input line 10.
LaTeX Font Info:    Checking defaults for OT1/cmr/m/n on input line 10.
LaTeX Font Info:    ... okay on input line 10.
LaTeX Font Info:    Checking defaults for OMS/cmsy/m/n on input line 10.
LaTeX Font Info:    ... okay on input line 10.
LaTeX Font Info:    Checking defaults for OMX/cmex/m/n on input line 10.
LaTeX Font Info:    ... okay on input line 10.
LaTeX Font Info:    Checking defaults for U/cmr/m/n on input line 10.
LaTeX Font Info:    ... okay on input line 10.
LaTeX Font Info:    External font `cmex10' loaded for size
(Font)              <7> on input line 14.
LaTeX Font Info:    External font `cmex10' loaded for size
(Font)              <5> on input line 14.
latex2htmlSize :tex2html_wrap_inline39: 7.5pt::2.5pt.
[1


]
latex2htmlSize :tex2html_wrap_inline41: 6.83331pt::1.49998pt.
[2

]
latex2htmlSize :tex2html_wrap_inline43: 6.94444pt::0.0pt.
[3

]
latex2htmlSize :tex2html_wrap_inline49: 6.83331pt::2.86108pt.
[4

]
latex2htmlSize :tex2html_wrap_inline51: 8.26085pt::4.97226pt.
[5

]
latex2htmlSize :tex2html_wrap_inline53: 6.94444pt::2.86108pt.
[6

]
latex2htmlSize :tex2html_wrap_inline57: 6.59525pt::1.94444pt.
[7

]
latex2htmlSize :tex2html_wrap_inline59: 6.44444pt::1.35971pt.
[8

]
latex2htmlSize :tex2html_wrap_inline61: 6.94444pt::2.33333pt.
[9

]
latex2htmlSize :tex2html_wrap_inline63: 7.50006pt::4.36115pt.
[10

]
latex2htmlSize :tex2html_wrap_inline65: 4.30554pt::0.0pt.
[11

]
latex2htmlSize :tex2html_wrap_inline67: 6.83331pt::1.49998pt.
[12

]
latex2htmlSize :tex2html_wrap_inline75: 7.5pt::2.86108pt.
[13

]
latex2htmlSize :tex2html_wrap_inline79: 7.50006pt::4.36115pt.
[14

]
latex2htmlSize :tex2html_wrap_inline81: 9.2984pt::3.50006pt.
[15

]
latex2htmlSize :tex2html_wrap_inline83: 9.2984pt::3.50006pt.
[16

] (images.aux) ) 
Here is how much of TeX's memory you used:
 424 strings out of 10822
 3987 string characters out of 71030
 47214 words of memory out of 262141
 3392 multiletter control sequences out of 9500
 22498 words of font info for 84 fonts, out of 100000 for 255
 14 hyphenation exceptions out of 607
 21i,4n,20p,201b,102s stack positions out of 300i,40n,60p,3000b,4000s

Output written on images.dvi (16 pages, 2248 bytes).
