This is TeX, Version 3.14159 (Web2c 7.0) (format=images 99.2.18)  18 FEB 1999 15:41
**&./images ./images.tex
(./images.tex
(images.aux

LaTeX Warning: Label `gianni' multiply defined.


LaTeX Warning: Label `condition' multiply defined.


LaTeX Warning: Label `GPT' multiply defined.


LaTeX Warning: Label `Hilb' multiply defined.


LaTeX Warning: Label `SpecHilb' multiply defined.


LaTeX Warning: Label `algorithm' multiply defined.


LaTeX Warning: Label `LEMMA' multiply defined.


LaTeX Warning: Label `Condition' multiply defined.


LaTeX Warning: Label `case1' multiply defined.


LaTeX Warning: Label `case2' multiply defined.


LaTeX Warning: Label `case3' multiply defined.


LaTeX Warning: Label `AL' multiply defined.


LaTeX Warning: Label `BW' multiply defined.


LaTeX Warning: Label `DCJLDOS91' multiply defined.


LaTeX Warning: Label `Duv95' multiply defined.


LaTeX Warning: Label `frisco' multiply defined.


LaTeX Warning: Label `GPT88' multiply defined.


LaTeX Warning: Label `PG87' multiply defined.


LaTeX Warning: Label `MM97' multiply defined.


LaTeX Warning: Label `MK97' multiply defined.


LaTeX Warning: Label `rimey' multiply defined.


LaTeX Warning: Label `Sit92' multiply defined.


LaTeX Warning: Label `Trav96' multiply defined.


LaTeX Warning: Label `Waerden' multiply defined.


LaTeX Warning: Label `Weisp4' multiply defined.

)
\openout1 = `images.aux'.

latex2htmlLength hsize=349.0pt
latex2htmlLength vsize=633.0pt
latex2htmlLength hoffset=0.0pt
latex2htmlLength voffset=0.0pt
latex2htmlLength topmargin=0.0pt
latex2htmlLength topskip=0.00003pt
latex2htmlLength headheight=0.0pt
latex2htmlLength headsep=0.0pt
latex2htmlLength parskip=0.0pt plus 1.0pt
latex2htmlLength oddsidemargin=62.0pt
latex2htmlLength evensidemargin=62.0pt
l2hSize :tex2html_wrap_inline2315:8.0pt::8.0pt::14.07782pt.
[1

]
l2hSize :tex2html_wrap_inline2317:8.0pt::8.0pt::6.66669pt.
[2


]
l2hSize :tex2html_wrap_inline2319:8.0pt::8.0pt::2.77779pt.
[3


]
l2hSize :tex2html_wrap_inline2326:8.0pt::8.0pt::12.9667pt.
[4


]
l2hSize :tex2html_wrap_inline2328:6.95831pt::6.95831pt::2.77779pt.
[5


]
l2hSize :tex2html_wrap_inline961:8.49002pt::0.0pt::8.2639pt.
[6


]
l2hSize :tex2html_wrap_inline967:7.33331pt::7.33331pt::7.23265pt.
[7


]
l2hSize :tex2html_wrap_inline969:8.0pt::8.0pt::50.44781pt.
[8


]
l2hSize :tex2html_wrap_inline971:8.0pt::8.0pt::78.90143pt.
[9


]
l2hSize :displaymath973:53.55554pt::0.0pt::349.0pt.
[10


]
l2hSize :tex2html_wrap_inline977:7.33331pt::7.33331pt::9.06943pt.
[11


]
l2hSize :tex2html_wrap_inline62:6.45831pt::0.0pt::5.00002pt.
[12


]
l2hSize :tex2html_wrap_inline60:6.45831pt::0.0pt::5.00002pt.
[13


]
l2hSize :tex2html_wrap_inline979:7.33331pt::7.33331pt::47.16542pt.
[14


]
l2hSize :tex2html_wrap_inline989:8.0pt::8.0pt::80.39813pt.
[15


]
l2hSize :tex2html_wrap_inline1003:8.0pt::8.0pt::77.06474pt.
[16


]
l2hSize :tex2html_wrap_inline1017:6.83331pt::0.0pt::10.18892pt.
[17


]
l2hSize :tex2html_wrap_inline1019:8.0pt::8.0pt::78.90143pt.
[18


]
l2hSize :tex2html_wrap_inline1021:8.0pt::8.0pt::74.33548pt.
[19


]
l2hSize :tex2html_wrap_inline1023:8.0pt::8.0pt::91.73521pt.
[20


]
l2hSize :tex2html_wrap_inline1025:8.0pt::8.0pt::60.81876pt.
[21


]
l2hSize :tex2html_wrap_inline1027:8.0pt::8.0pt::105.32791pt.
[22


]
l2hSize :tex2html_wrap_inline1029:9.37892pt::9.37892pt::44.35442pt.
[23


]
l2hSize :tex2html_wrap_inline1031:9.37892pt::9.37892pt::115.39235pt.
[24


]
l2hSize :tex2html_wrap_inline1033:8.0pt::8.0pt::82.26863pt.
[25


]
l2hSize :tex2html_wrap_inline1035:8.0pt::8.0pt::188.10757pt.
[26


]
l2hSize :tex2html_wrap_inline1039:8.0pt::8.0pt::36.49098pt.
[27


]
l2hSize :tex2html_wrap_inline1041:8.0pt::8.0pt::128.7662pt.
[28


]
l2hSize :tex2html_wrap_inline1049:7.375pt::0.0pt::17.78503pt.
[29


]
l2hSize :tex2html_wrap_inline1051:9.37892pt::9.37892pt::37.40273pt.
[30


]
l2hSize :tex2html_wrap_inline1053:9.37892pt::9.37892pt::17.27783pt.
[31


]
l2hSize :tex2html_wrap_inline1055:9.37892pt::9.37892pt::32.91812pt.
[32


]
l2hSize :tex2html_wrap_inline1057:9.37892pt::9.37892pt::30.23618pt.
[33


]
l2hSize :tex2html_wrap_inline1063:8.0pt::8.0pt::39.82437pt.
[34


]
l2hSize :tex2html_wrap_inline1071:9.70636pt::9.70636pt::41.9516pt.
[35


]
l2hSize :tex2html_wrap_inline1073:9.70636pt::9.70636pt::158.56967pt.
[36


]
l2hSize :tex2html_wrap_inline1075:9.70636pt::9.70636pt::168.08684pt.
[37


]
l2hSize :tex2html_wrap_inline1077:9.70636pt::9.70636pt::37.40273pt.
[38


]
l2hSize :tex2html_wrap_inline1079:9.70636pt::9.70636pt::32.91812pt.
[39


]
l2hSize :tex2html_wrap_inline1081:9.70636pt::9.70636pt::30.23618pt.
[40


]
l2hSize :tex2html_wrap_inline1083:9.20636pt::0.0pt::10.83334pt.
[41


]
l2hSize :tex2html_wrap_inline1085:9.70636pt::9.70636pt::9.75984pt.
[42


]
l2hSize :tex2html_wrap_inline1087:7.09525pt::7.09525pt::52.78056pt.
[43


]
l2hSize :tex2html_wrap_inline1089:7.17859pt::7.17859pt::8.98325pt.
[44


]
l2hSize :tex2html_wrap_inline1091:7.09525pt::7.09525pt::49.93329pt.
[45


]
l2hSize :tex2html_wrap_inline1097:9.70636pt::9.70636pt::72.38078pt.
[46


]
l2hSize :tex2html_wrap_inline1107:9.70636pt::9.70636pt::22.497pt.
[47


]
l2hSize :tex2html_wrap_inline1109:9.70636pt::9.70636pt::56.58516pt.
[48


]
l2hSize :tex2html_wrap_inline1115:6.95831pt::6.95831pt::6.54167pt.
[49


]
l2hSize :tex2html_wrap_inline1127:7.33331pt::7.33331pt::29.6353pt.
[50


]
l2hSize :displaymath1139:35.0pt::0.0pt::349.0pt.
[51


]
l2hSize :tex2html_wrap_inline1141:7.875pt::7.875pt::47.48347pt.
[52


]
l2hSize :tex2html_wrap_inline1143:7.875pt::7.875pt::50.91751pt.
[53


]
l2hSize :tex2html_wrap_inline1151:8.0pt::8.0pt::62.86113pt.
[54


]
l2hSize :tex2html_wrap_inline1159:8.0pt::8.0pt::26.3015pt.
[55


]
l2hSize :tex2html_wrap_inline1161:8.0pt::8.0pt::54.68535pt.
[56


]
l2hSize :tex2html_wrap_inline1163:8.91226pt::8.91226pt::38.1368pt.
[57


]
l2hSize :tex2html_wrap_inline1165:8.41226pt::0.0pt::15.20831pt.
[58


]
l2hSize :tex2html_wrap_inline1171:8.0pt::8.0pt::33.07921pt.
[59


]
l2hSize :tex2html_wrap_inline1173:8.0pt::8.0pt::68.62088pt.
[60


]
l2hSize :tex2html_wrap_inline1175:8.0pt::8.0pt::55.00475pt.
[61


]
l2hSize :displaymath194:14.86108pt::0.0pt::349.0pt.
[62


]
l2hSize :tex2html_wrap_inline1185:8.0pt::8.0pt::22.18196pt.
[63


]
l2hSize :tex2html_wrap_inline1187:8.0pt::8.0pt::19.50002pt.
[64


]
l2hSize :displaymath1193:14.5pt::0.0pt::349.0pt.
[65


]
l2hSize :tex2html_wrap_inline1195:8.0pt::8.0pt::43.45425pt.
[66


]
l2hSize :displaymath1197:14.86108pt::0.0pt::349.0pt.
[67


]
l2hSize :tex2html_wrap_inline1199:8.0pt::8.0pt::37.6945pt.
[68


]
l2hSize :tex2html_wrap_inline1203:8.0pt::8.0pt::97.72098pt.
[69


]
l2hSize :tex2html_wrap_inline1211:8.0pt::8.0pt::42.95131pt.
[70


]
l2hSize :displaymath1225:13.94444pt::0.0pt::349.0pt.
[71


]
l2hSize :tex2html_wrap_inline1229:8.0pt::8.0pt::22.97714pt.
[72


]
l2hSize :tex2html_wrap_inline1237:8.0pt::8.0pt::22.29515pt.
[73


]
l2hSize :tex2html_wrap_inline1241:8.0pt::8.0pt::37.60214pt.
[74


]
l2hSize :tex2html_wrap_inline1249:8.0pt::8.0pt::58.92108pt.
[75


]
l2hSize :tex2html_wrap_inline1251:8.0pt::8.0pt::55.32117pt.
[76


]
l2hSize :tex2html_wrap_inline1253:8.0pt::8.0pt::57.67871pt.
[77


]
l2hSize :tex2html_wrap_inline1255:8.0pt::8.0pt::55.32117pt.
[78


]
l2hSize :tex2html_wrap_inline1257:8.0pt::8.0pt::74.58835pt.
[79


]
l2hSize :tex2html_wrap_inline1261:8.0pt::8.0pt::22.41844pt.
[80


]
l2hSize :tex2html_wrap_inline1263:8.0pt::8.0pt::79.31479pt.
[81


]
l2hSize :tex2html_wrap_inline1277:8.0pt::8.0pt::43.98051pt.
[82


]
l2hSize :tex2html_wrap_inline1281:8.0pt::8.0pt::37.04659pt.
[83


]
l2hSize :displaymath1283:13.94444pt::0.0pt::349.0pt.
[84


]
l2hSize :displaymath1285:14.5pt::0.0pt::349.0pt.
[85


]
l2hSize :tex2html_wrap_inline1291:8.0pt::8.0pt::102.61261pt.
[86


]
l2hSize :tex2html_wrap_inline1295:7.33331pt::7.33331pt::26.54851pt.
[87


]
l2hSize :tex2html_wrap_inline1301:8.0pt::8.0pt::29.08824pt.
[88


]
l2hSize :tex2html_wrap_inline1307:9.27065pt::9.27065pt::65.2408pt.
[89


]
l2hSize :displaymath1311:14.5pt::0.0pt::349.0pt.
[90


]
l2hSize :displaymath1315:14.5pt::0.0pt::349.0pt.
[91


]
l2hSize :tex2html_wrap_inline1317:8.0pt::8.0pt::68.73979pt.
[92


]
l2hSize :tex2html_wrap_inline1319:8.0pt::8.0pt::74.9898pt.
[93


]
l2hSize :tex2html_wrap_inline1321:8.0pt::8.0pt::64.46547pt.
[94


]
l2hSize :tex2html_wrap_inline1325:8.0pt::8.0pt::78.90143pt.
[95


]
l2hSize :tex2html_wrap_inline1333:8.0pt::8.0pt::24.81392pt.
[96


]
l2hSize :tex2html_wrap_inline1335:6.45831pt::0.0pt::6.0729pt.
[97


]
l2hSize :tex2html_wrap_inline1337:8.0pt::8.0pt::72.36346pt.
[98


]
l2hSize :displaymath1341:15.55557pt::0.0pt::349.0pt.
[99


]
l2hSize :tex2html_wrap_inline1361:7.44444pt::7.44444pt::5.95834pt.
[100


]
l2hSize :tex2html_wrap_inline1365:6.45831pt::0.0pt::6.0729pt.
[101


]
l2hSize :tex2html_wrap_inline1371:7.33331pt::7.33331pt::34.55074pt.
[102


]
l2hSize :tex2html_wrap_inline1377:7.33331pt::7.33331pt::45.6091pt.
[103


]
l2hSize :tex2html_wrap_inline1379:8.0pt::8.0pt::21.59863pt.
[104


]
l2hSize :displaymath1381:15.55557pt::0.0pt::349.0pt.
[105


]
l2hSize :tex2html_wrap_inline1385:8.0pt::8.0pt::20.24309pt.
[106


]
l2hSize :proof283:77.99301pt::0.0pt::349.0pt.
[107


]
l2hSize :tex2html_wrap_inline1425:8.0pt::8.0pt::71.71762pt.
[108


]
l2hSize :displaymath1435:31.39592pt::0.0pt::349.0pt.
[109


]
l2hSize :tex2html_wrap_inline1445:8.0pt::8.0pt::68.68158pt.
[110


]
l2hSize :tex2html_wrap_inline1447:6.95831pt::6.95831pt::54.87607pt.
[111


]
l2hSize :displaymath1451:15.4722pt::0.0pt::349.0pt.
[112


]
l2hSize :tex2html_wrap_inline1455:8.0pt::8.0pt::87.023pt.
[113


]
l2hSize :tex2html_wrap_inline1457:8.0pt::8.0pt::82.85399pt.
[114


]
l2hSize :tex2html_wrap_inline1469:8.0pt::8.0pt::102.43149pt.
[115


]
l2hSize :tex2html_wrap_inline1471:6.95831pt::6.95831pt::7.7778pt.
[116


]
l2hSize :displaymath1475:14.5pt::0.0pt::349.0pt.
[117


]
l2hSize :proof336:87.51083pt::0.0pt::349.0pt.
[118


]
l2hSize :tex2html_wrap_inline1499:8.0pt::8.0pt::56.86086pt.
[119


]
l2hSize :tex2html_wrap_inline1505:8.0pt::8.0pt::58.8222pt.
[120


]
l2hSize :displaymath959:67.65558pt::0.0pt::349.0pt.
[121


]
l2hSize :tex2html_wrap_inline1513:6.83331pt::0.0pt::7.98471pt.
[122


]
l2hSize :tex2html_wrap_inline1515:8.0pt::8.0pt::48.54279pt.
[123


]
l2hSize :displaymath1519:14.5pt::0.0pt::349.0pt.
[124


]
l2hSize :tex2html_wrap_inline1525:7.33331pt::7.33331pt::45.2395pt.
[125


]
l2hSize :tex2html_wrap_inline1527:6.83331pt::0.0pt::6.80551pt.
[126


]
l2hSize :tex2html_wrap_inline1531:8.0pt::8.0pt::92.14966pt.
[127


]
l2hSize :tex2html_wrap_inline1535:8.0pt::8.0pt::70.41824pt.
[128


]
l2hSize :tex2html_wrap_inline1539:8.0pt::8.0pt::95.2833pt.
[129


]
l2hSize :tex2html_wrap_inline1543:8.0pt::8.0pt::37.50754pt.
[130


]
l2hSize :tex2html_wrap_inline1545:8.0pt::8.0pt::27.77788pt.
[131


]
l2hSize :tex2html_wrap_inline1553:8.0pt::8.0pt::37.77766pt.
[132


]
l2hSize :displaymath409:14.5pt::0.0pt::349.0pt.
[133


]
l2hSize :tex2html_wrap_inline1555:7.44444pt::7.44444pt::23.85408pt.
[134


]
l2hSize :tex2html_wrap_inline1557:6.95831pt::6.95831pt::27.11337pt.
[135


]
l2hSize :tex2html_wrap_inline1571:8.0pt::8.0pt::25.01053pt.
[136


]
l2hSize :tex2html_wrap_inline1573:7.33331pt::7.33331pt::24.17699pt.
[137


]
l2hSize :displaymath1575:14.5pt::0.0pt::349.0pt.
[138


]
l2hSize :displaymath420:14.5pt::0.0pt::349.0pt.
[139


]
l2hSize :tex2html_wrap_inline1583:8.0pt::8.0pt::57.6701pt.
[140


]
l2hSize :displaymath1585:24.62459pt::0.0pt::349.0pt.
[141


]
l2hSize :tex2html_wrap_inline1587:8.0pt::8.0pt::71.71176pt.
[142


]
l2hSize :tex2html_wrap_inline1591:8.0pt::8.0pt::12.95833pt.
[143


]
l2hSize :displaymath1595:35.0pt::0.0pt::349.0pt.
[144


]
l2hSize :tex2html_wrap_inline1615:8.0pt::8.0pt::86.56584pt.
[145


]
l2hSize :displaymath1625:23.59795pt::0.0pt::349.0pt.
[146


]
l2hSize :displaymath1639:23.59795pt::0.0pt::349.0pt.
[147


]
l2hSize :tex2html_wrap_inline1651:8.0pt::8.0pt::120.20586pt.
[148


]
l2hSize :tex2html_wrap_inline1663:6.86111pt::0.0pt::14.39316pt.
[149


]
l2hSize :tex2html_wrap_inline1665:8.0pt::8.0pt::30.15288pt.
[150


]
l2hSize :displaymath1671:35.0pt::0.0pt::349.0pt.
[151


]
l2hSize :tex2html_wrap_inline1675:7.44444pt::7.44444pt::22.6608pt.
[152


]
l2hSize :displaymath1693:35.0pt::0.0pt::349.0pt.
[153


]
l2hSize :tex2html_wrap_inline1707:8.64003pt::8.64003pt::828.86458pt.

Overfull \hbox (483.81462pt too wide) in paragraph at lines 1170--1171
[]|[] 
 []

[154


]
l2hSize :tex2html_wrap_inline1709:8.64003pt::8.64003pt::828.86458pt.

Overfull \hbox (483.81462pt too wide) in paragraph at lines 1179--1180
[]|[] 
 []

[155


]
l2hSize :tex2html_wrap_inline1711:8.64003pt::8.64003pt::115.5806pt.
[156


]
l2hSize :tex2html_wrap_inline1713:8.64003pt::8.64003pt::543.12889pt.

Overfull \hbox (198.07893pt too wide) in paragraph at lines 1192--1193
[]|[] 
 []

[157


]
l2hSize :tex2html_wrap_inline1715:8.64003pt::8.64003pt::543.12889pt.

Overfull \hbox (198.07893pt too wide) in paragraph at lines 1200--1201
[]|[] 
 []

[158


]
l2hSize :tex2html_wrap_inline1717:7.44444pt::7.44444pt::50.64331pt.
[159


]
l2hSize :tex2html_wrap_inline1725:7.44444pt::7.44444pt::15.55553pt.
[160


]
l2hSize :displaymath1729:47.0pt::0.0pt::349.0pt.
[161


]
l2hSize :displaymath1733:14.5pt::0.0pt::349.0pt.
[162


] (images.aux)

LaTeX Warning: There were multiply-defined labels.

 ) 
Here is how much of TeX's memory you used:
 11 strings out of 10043
 109 string characters out of 62446
 56192 words of memory out of 263001
 3829 multiletter control sequences out of 10000+0
 4567 words of font info for 17 fonts, out of 100000 for 500
 19 hyphenation exceptions out of 1000
 16i,10n,17p,274b,217s stack positions out of 300i,100n,500p,3000b,4000s

Output written on images.dvi (162 pages, 48252 bytes).
