This is TeX, Version 3.14159 (Web2C 7.3.1) (format=latex 2000.10.23)  26 NOV 2001 11:20
**inverses.tex
(inverses.tex
LaTeX2e <1999/12/01> patch level 1
Babel <v3.6Z> and hyphenation patterns for american, french, german, ngerman, n
ohyphenation, loaded.

(/math/system/solaris-sparc/local/pkg/teTeX/teTeX-1.07/texmf/tex/latex/base/art
icle.cls
Document Class: article 1999/09/10 v1.4a Standard LaTeX document class

(/math/system/solaris-sparc/local/pkg/teTeX/teTeX-1.07/texmf/tex/latex/base/siz
e10.clo
File: size10.clo 1999/09/10 v1.4a Standard LaTeX file (size option)
)
\c@part=\count79
\c@section=\count80
\c@subsection=\count81
\c@subsubsection=\count82
\c@paragraph=\count83
\c@subparagraph=\count84
\c@figure=\count85
\c@table=\count86
\abovecaptionskip=\skip41
\belowcaptionskip=\skip42
\bibindent=\dimen102
)
(/math/system/solaris-sparc/local/pkg/teTeX/teTeX-1.07/texmf/tex/latex/amsfonts
/amsfonts.sty
Package: amsfonts 1997/09/17 v2.2e
\@emptytoks=\toks14
\symAMSa=\mathgroup4
\symAMSb=\mathgroup5
LaTeX Font Info:    Overwriting math alphabet `\mathfrak' in version `bold'
(Font)                  U/euf/m/n --> U/euf/b/n on input line 133.
)
(/math/system/solaris-sparc/local/pkg/teTeX/teTeX-1.07/texmf/tex/latex/graphics
/graphics.sty
Package: graphics 1999/02/16 v1.0l Standard LaTeX Graphics (DPC,SPQR)

(/math/system/solaris-sparc/local/pkg/teTeX/teTeX-1.07/texmf/tex/latex/graphics
/trig.sty
Package: trig 1999/03/16 v1.09 sin cos tan (DPC)
)
(/math/system/solaris-sparc/local/pkg/teTeX/teTeX-1.07/texmf/tex/latex/config/g
raphics.cfg)
Package graphics Info: Driver file: dvips.def on input line 80.

(/math/system/solaris-sparc/local/pkg/teTeX/teTeX-1.07/texmf/tex/latex/graphics
/dvips.def
File: dvips.def 1999/02/16 v3.0i Driver-dependant file (DPC,SPQR)
))
\funcwd=\skip43
\funcht=\skip44
 (inverses.aux)
\openout1 = `inverses.aux'.

LaTeX Font Info:    Checking defaults for OML/cmm/m/it on input line 35.
LaTeX Font Info:    ... okay on input line 35.
LaTeX Font Info:    Checking defaults for T1/cmr/m/n on input line 35.
LaTeX Font Info:    ... okay on input line 35.
LaTeX Font Info:    Checking defaults for OT1/cmr/m/n on input line 35.
LaTeX Font Info:    ... okay on input line 35.
LaTeX Font Info:    Checking defaults for OMS/cmsy/m/n on input line 35.
LaTeX Font Info:    ... okay on input line 35.
LaTeX Font Info:    Checking defaults for OMX/cmex/m/n on input line 35.
LaTeX Font Info:    ... okay on input line 35.
LaTeX Font Info:    Checking defaults for U/cmr/m/n on input line 35.
LaTeX Font Info:    ... okay on input line 35.
LaTeX Font Info:    Try loading font information for U+msa on input line 43.

(/math/system/solaris-sparc/local/pkg/teTeX/teTeX-1.07/texmf/tex/latex/amsfonts
/umsa.fd
File: umsa.fd 1995/01/05 v2.2e AMS font definitions
)
LaTeX Font Info:    Try loading font information for U+msb on input line 43.

(/math/system/solaris-sparc/local/pkg/teTeX/teTeX-1.07/texmf/tex/latex/amsfonts
/umsb.fd
File: umsb.fd 1995/01/05 v2.2e AMS font definitions
)

LaTeX Warning: Citation `Corless:2000:AAS' on page 1 undefined on input line 74
.


LaTeX Warning: Citation `unwind:1996' on page 1 undefined on input line 74.


LaTeX Warning: Citation `LambertW:1996' on page 1 undefined on input line 81.


LaTeX Warning: Citation `AandS:1965' on page 1 undefined on input line 92.


LaTeX Warning: Citation `Cara:1958' on page 1 undefined on input line 113.

[1

]

LaTeX Warning: Citation `Cara:1958' on page 2 undefined on input line 119.


LaTeX Warning: Citation `AandS:1965' on page 2 undefined on input line 147.


LaTeX Warning: Citation `Adams:1999:SVC' on page 2 undefined on input line 159.



LaTeX Warning: Citation `LambertW:1996' on page 2 undefined on input line 184.

[2]

LaTeX Warning: Citation `Barry:1995:RVW' on page 3 undefined on input line 209.



LaTeX Warning: Citation `LambertW:1996' on page 3 undefined on input line 210.


LaTeX Warning: Citation `Tanenbaum:1981:CN' on page 3 undefined on input line 2
47.


LaTeX Warning: Citation `Gradshteyn:1980:Tables' on page 3 undefined on input l
ine 261.

[3]

LaTeX Warning: Citation `Strecok:1968' on page 4 undefined on input line 301.

File: zplane.eps Graphic file (type eps)
<zplane.eps>
File: logfig.eps Graphic file (type eps)
 <logfig.eps>

LaTeX Warning: Citation `AandS:1965' on page 4 undefined on input line 335.

[4]

LaTeX Warning: Citation `unwind:1996' on page 5 undefined on input line 378.


LaTeX Warning: Citation `Lawden:1989:EF' on page 5 undefined on input line 401.


[5]

LaTeX Warning: Citation `Lawden:1989:EF' on page 6 undefined on input line 459.


[6]

LaTeX Warning: Citation `Corless:2000:AAS' on page 7 undefined on input line 48
1.


LaTeX Warning: Citation `unwind:1996' on page 7 undefined on input line 482.

[7]

LaTeX Warning: Citation `JeffreyRich:1994:trigint' on page 8 undefined on input
 line 545.


LaTeX Warning: Citation `Jeffrey:1994:continuous' on page 8 undefined on input 
line 545.


LaTeX Warning: Citation `JeffreyRich:1994:trigint' on page 8 undefined on input
 line 546.

File: rootbranch.eps Graphic file (type eps)
<rootbranch.eps>

LaTeX Warning: Citation `Trott:1997:VRS' on page 8 undefined on input line 603.



LaTeX Warning: Citation `RiemannW:1998' on page 8 undefined on input line 603.

[8]

LaTeX Warning: Citation `Corless:2000:AAS' on page 9 undefined on input line 66
0.

No file inverses.bbl.
[9] (inverses.aux)

LaTeX Warning: There were undefined references.

 ) 
Here is how much of TeX's memory you used:
 604 strings out of 10901
 7103 string characters out of 71899
 56605 words of memory out of 263001
 3549 multiletter control sequences out of 10000+0
 15600 words of font info for 62 fonts, out of 400000 for 1000
 14 hyphenation exceptions out of 1000
 23i,10n,25p,347b,337s stack positions out of 300i,100n,500p,50000b,4000s

Output written on inverses.dvi (9 pages, 52880 bytes).
